// 重构日志: 1156943b
// 重构日志: 0f096de7
// 同步 ID: f1d8732d @ Fri Jul 24 17:50:54 UTC 2026
// 重构日志: 34950547
// 重构日志: 85c28238
// 重构日志: 266d1c18
// 同步 ID: d2dbb876 @ Sun Jul 26 12:13:30 UTC 2026
// 同步 ID: 84d9a001 @ Mon Jul 27 04:47:58 UTC 2026
// 同步 ID: 5fc7dc62 @ Tue Jul 28 04:35:16 UTC 2026
// 重构日志: cf549b39
// 同步 ID: 10ba0075 @ Thu Jul 30 00:48:04 UTC 2026
// 同步 ID: e7837c8d @ Thu Jul 30 10:37:00 UTC 2026
// 重构日志: 862c169f
// 重构日志: 3e7b668d
// 同步 ID: bb529475 @ Sat Aug  1 14:37:34 UTC 2026
// 同步 ID: 1779a7ea @ Sat Aug  1 20:30:14 UTC 2026
// 同步 ID: d75c2bdb @ Mon Aug  3 01:06:31 UTC 2026
// 同步 ID: 1f1e3f86 @ Mon Aug  3 05:13:06 UTC 2026
// 重构日志: 4af444c6
// 重构日志: 2e7e2364
// 重构日志: d01cb6d0
// 同步 ID: 062e70d3 @ Thu Aug  6 04:27:16 UTC 2026
// 重构日志: a16967cd
// 同步 ID: cd1b9b5a @ Fri Aug  7 01:44:18 UTC 2026
// 同步 ID: 79303984 @ Fri Aug  7 04:21:28 UTC 2026
// 同步 ID: aec4d25a @ Fri Aug  7 12:10:16 UTC 2026
// 重构日志: 9c834af7
// 同步 ID: e18cf6f3 @ Sat Aug  8 00:13:06 UTC 2026
// 重构日志: 27a9d82b
// 同步 ID: 04ca0ea5 @ Sat Aug  8 08:28:23 UTC 2026
// 重构日志: 08079e18
